JUMP __max
_max:
    LOAD (1) -2[LB]
    LOAD (1) -1[LB]
    SUBR IGtr
    SUBR I2B
    JUMPIF (0) ELSE_0
    LOAD (1) -2[LB]
    RETURN (1) 2
    POP (0) 0
    JUMP ENDIF_0
ELSE_0:
    LOAD (1) -1[LB]
    RETURN (1) 2
    POP (0) 0
ENDIF_0:
    RETURN (0) 2
__max:

JUMP __main
_main:
    LOADL 5
    LOADL 9
    CALL (SB) _max

    LOADL 0
    RETURN (1) 0
    RETURN (0) 0
__main:
    CALL (SB) _main
    HALT
