JUMP __main
_main:
    LOADL 3
    LOADL 0
    LOAD (1) 3[LB]
    SUBR I2B
    JUMPIF (0) ELSE_1
    LOADL 5
    POP (0) 1
    JUMP ENDIF_1
    ELSE_1:
    LOAD (1) 4[LB]
    SUBR I2B
    JUMPIF (0) ELSE_0
    LOADL 2
    POP (0) 1
    JUMP ENDIF_0
    ELSE_0:
    LOADL 3
    POP (0) 1
    ENDIF_0:
    POP (0) 0
    ENDIF_1:

    LOADL 0
    RETURN (1) 0
    RETURN (0) 0
__main:
    CALL (SB) _main
    HALT
